forrtl: Disk quota exceeded
forrtl: Disk quota exceeded
forrtl: Disk quota exceeded
forrtl: severe (30): open failure, unit -129, file .//CRASH
Image              PC                Routine            Line        Source             
pw.x               0000000000F9DDCB  Unknown               Unknown  Unknown
pw.x               0000000000FBDD80  Unknown               Unknown  Unknown
pw.x               0000000000ECDB30  errore_                    70  error_handler.f90
pw.x               0000000000A61F1F  io_base_mp_write_         581  io_base.f90
pw.x               00000000004ADCF3  io_rho_xml_mp_wri          63  io_rho_xml.f90
pw.x               000000000040C4A2  electrons_scf_           1259  electrons.f90
pw.x               0000000000409873  electrons_                182  electrons.f90
pw.x               000000000059942C  run_pwscf_                189  run_pwscf.f90
pw.x               00000000004069AF  MAIN__                     85  pwscf.f90
pw.x               0000000000406822  Unknown               Unknown  Unknown
libc-2.28.so       000014D64E5C8493  __libc_start_main     Unknown  Unknown
pw.x               000000000040672E  Unknown               Unknown  Unknown
forrtl: severe (30): open failure, unit -129, file .//CRASH
Image              PC                Routine            Line        Source             
pw.x               0000000000F9DDCB  Unknown               Unknown  Unknown
pw.x               0000000000FBDD80  Unknown               Unknown  Unknown
pw.x               0000000000ECDB30  errore_                    70  error_handler.f90
pw.x               0000000000A61F1F  io_base_mp_write_         581  io_base.f90
pw.x               00000000004ADCF3  io_rho_xml_mp_wri          63  io_rho_xml.f90
pw.x               000000000040C4A2  electrons_scf_           1259  electrons.f90
pw.x               0000000000409873  electrons_                182  electrons.f90
pw.x               000000000059942C  run_pwscf_                189  run_pwscf.f90
pw.x               00000000004069AF  MAIN__                     85  pwscf.f90
pw.x               0000000000406822  Unknown               Unknown  Unknown
libc-2.28.so       0000154E467F2493  __libc_start_main     Unknown  Unknown
pw.x               000000000040672E  Unknown               Unknown  Unknown
forrtl: severe (30): open failure, unit -129, file .//CRASH
Image              PC                Routine            Line        Source             
pw.x               0000000000F9DDCB  Unknown               Unknown  Unknown
pw.x               0000000000FBDD80  Unknown               Unknown  Unknown
pw.x               0000000000ECDB30  errore_                    70  error_handler.f90
pw.x               0000000000A61F1F  io_base_mp_write_         581  io_base.f90
pw.x               00000000004ADCF3  io_rho_xml_mp_wri          63  io_rho_xml.f90
pw.x               000000000040C4A2  electrons_scf_           1259  electrons.f90
pw.x               0000000000409873  electrons_                182  electrons.f90
pw.x               000000000059942C  run_pwscf_                189  run_pwscf.f90
pw.x               00000000004069AF  MAIN__                     85  pwscf.f90
pw.x               0000000000406822  Unknown               Unknown  Unknown
libc-2.28.so       000014CD91D99493  __libc_start_main     Unknown  Unknown
pw.x               000000000040672E  Unknown               Unknown  Unknown
srun: error: midway3-0089: task 1: Out Of Memory
slurmstepd: error: Detected 1 oom-kill event(s) in StepId=42725851.0 cgroup. Some of your processes may have been killed by the cgroup out-of-memory handler.
