 
 _    _ _____ _____ _____            
| |  | |  ___/  ___|_   _|           
| |  | | |__ \ `--.  | |_ __  _   _  
| |/\| |  __| `--. \ | | '_ \| | | | 
\  /\  / |___/\__/ / | | |_) | |_| | 
 \/  \/\____/\____/  \_/ .__/ \__, | 
                       | |     __/ | 
                       |_|    |___/  
 
WEST version     :  6.2.1
Today            :  2025-12-04 20:34:59.384741
     BFGS Geometry Relaxation
     
     Running pw.x ...
     Running wbse.x ...
     
     number of scf cycles    =   1
     number of bfgs steps    =   0
     energy new              =   -2454.5781116640 Ry
     total force             =       0.1234161659 Ry/Bohr
     new trust radius        =       0.0645916912 Bohr
     
     Copied pwscf.save folder into /home/sstaylor/work/nv_diamond/3x3x3/tddft-attempt4/step-2/
     
     Running pw.x ...
     Running wbse.x ...
     
     number of scf cycles    =   2
     number of bfgs steps    =   1
     energy old              =   -2454.5781116640 Ry
     energy new              =   -2454.5859322609 Ry
     total force             =       0.0620395986 Ry/Bohr
     CASE: energy_new < energy_old
     new trust radius        =       0.0289399020 Bohr
     
     Copied pwscf.save folder into /home/sstaylor/work/nv_diamond/3x3x3/tddft-attempt4/step-3/
     
     Running pw.x ...
     Running wbse.x ...
     
     number of scf cycles    =   3
     number of bfgs steps    =   2
     energy old              =   -2454.5859322609 Ry
     energy new              =   -2454.5887954619 Ry
     total force             =       0.0358671429 Ry/Bohr
     CASE: energy_new < energy_old
     new trust radius        =       0.0381595471 Bohr
     
     Copied pwscf.save folder into /home/sstaylor/work/nv_diamond/3x3x3/tddft-attempt4/step-4/
     
     Running pw.x ...
     Running wbse.x ...
     
     number of scf cycles    =   4
     number of bfgs steps    =   3
     energy old              =   -2454.5887954619 Ry
     energy new              =   -2454.5905529646 Ry
     total force             =       0.0193946219 Ry/Bohr
     CASE: energy_new < energy_old
     new trust radius        =       0.0102093261 Bohr
     
     Copied pwscf.save folder into /home/sstaylor/work/nv_diamond/3x3x3/tddft-attempt4/step-5/
     
     Running pw.x ...
     Running wbse.x ...
     
     number of scf cycles    =   5
     number of bfgs steps    =   4
     energy old              =   -2454.5905529646 Ry
     energy new              =   -2454.5909100530 Ry
     total force             =       0.0141742565 Ry/Bohr
     CASE: energy_new < energy_old
     new trust radius        =       0.0103952161 Bohr
     
     Copied pwscf.save folder into /home/sstaylor/work/nv_diamond/3x3x3/tddft-attempt4/step-6/
     
     Running pw.x ...
     Running wbse.x ...
     
     number of scf cycles    =   6
     number of bfgs steps    =   5
     energy old              =   -2454.5909100530 Ry
     energy new              =   -2454.5912014723 Ry
     total force             =       0.0100021069 Ry/Bohr
     CASE: energy_new < energy_old
     new trust radius        =       0.0041973556 Bohr
     
     Copied pwscf.save folder into /home/sstaylor/work/nv_diamond/3x3x3/tddft-attempt4/step-7/
     
     Running pw.x ...
     Running wbse.x ...
     
     number of scf cycles    =   7
     number of bfgs steps    =   6
     energy old              =   -2454.5912014723 Ry
     energy new              =   -2454.5913363361 Ry
     total force             =       0.0084155372 Ry/Bohr
     CASE: energy_new < energy_old
     new trust radius        =       0.0061629905 Bohr
     
     Copied pwscf.save folder into /home/sstaylor/work/nv_diamond/3x3x3/tddft-attempt4/step-8/
     
     Running pw.x ...
     Running wbse.x ...
     
     number of scf cycles    =   8
     number of bfgs steps    =   7
     energy old              =   -2454.5913363361 Ry
     energy new              =   -2454.5914381009 Ry
     total force             =       0.0066931720 Ry/Bohr
     CASE: energy_new < energy_old
     new trust radius        =       0.0048657273 Bohr
     
     Copied pwscf.save folder into /home/sstaylor/work/nv_diamond/3x3x3/tddft-attempt4/step-9/
     
     Running pw.x ...
     Running wbse.x ...
     
     number of scf cycles    =   9
     number of bfgs steps    =   8
     energy old              =   -2454.5914381009 Ry
     energy new              =   -2454.5914989919 Ry
     total force             =       0.0056917593 Ry/Bohr
     CASE: energy_new < energy_old
     new trust radius        =       0.0051733265 Bohr
     
     Copied pwscf.save folder into /home/sstaylor/work/nv_diamond/3x3x3/tddft-attempt4/step-10/
     
     Running pw.x ...
     Running wbse.x ...
     
     number of scf cycles    =  10
     number of bfgs steps    =   9
     energy old              =   -2454.5914989919 Ry
     energy new              =   -2454.5915372957 Ry
     total force             =       0.0051744205 Ry/Bohr
     CASE: energy_new < energy_old
     new trust radius        =       0.0047822112 Bohr
     
     Copied pwscf.save folder into /home/sstaylor/work/nv_diamond/3x3x3/tddft-attempt4/step-11/
     
     Running pw.x ...
     Running wbse.x ...
     
     number of scf cycles    =  11
     number of bfgs steps    =  10
     energy old              =   -2454.5915372957 Ry
     energy new              =   -2454.5915864103 Ry
     total force             =       0.0046823094 Ry/Bohr
     
     Final geometry saved to /home/sstaylor/work/nv_diamond/3x3x3/tddft-attempt4/final_geo
     
     bfgs converged in  11 scf cycles and  10 bfgs steps
     (criteria: energy < 1.00e-04 Ry, force < 1.00e-03 Ry/Bohr)
     
     End of BFGS Geometry Optimization
     
     Final energy =   -2454.5915864103 Ry
